2025-11-28 09:02:05 [INFO]: ═══════════════════════════════════════════════════════════
2025-11-28 09:02:05 [INFO]:    SERVIÇO EQUATORIAL AUTO INVOICE INICIADO
2025-11-28 09:02:05 [INFO]: ═══════════════════════════════════════════════════════════
2025-11-28 09:02:05 [INFO]: Intervalo de verificação: 24 hora(s)
2025-11-28 09:02:05 [INFO]: Webhook de contas: https://n8n.svd.tec.br/webhook/contas_contratos
2025-11-28 09:02:05 [INFO]: Webhook de envio: https://n8n.svd.tec.br/webhook/contas
2025-11-28 09:02:05 [INFO]: ═══════════════════════════════════════════════════════════

2025-11-28 09:02:05 [INFO]: 
############################################################
2025-11-28 09:02:05 [INFO]: INICIANDO CICLO DE VERIFICAÇÃO - 2025-11-28T12:02:05.281Z
2025-11-28 09:02:05 [INFO]: ############################################################

2025-11-28 09:02:05 [INFO]: Buscando contas do webhook: https://n8n.svd.tec.br/webhook/contas_contratos
2025-11-28 09:02:06 [ERROR]: Erro ao buscar contas: Request failed with status code 404
2025-11-28 09:02:06 [WARN]: Nenhuma conta para processar neste ciclo
2025-11-28 09:02:21 [INFO]: Serviço interrompido manualmente (SIGINT)
2025-11-28 09:02:23 [INFO]: ═══════════════════════════════════════════════════════════
2025-11-28 09:02:23 [INFO]:    SERVIÇO EQUATORIAL AUTO INVOICE INICIADO
2025-11-28 09:02:23 [INFO]: ═══════════════════════════════════════════════════════════
2025-11-28 09:02:23 [INFO]: Intervalo de verificação: 24 hora(s)
2025-11-28 09:02:23 [INFO]: Webhook de contas: https://n8n.svd.tec.br/webhook/contas_contratos
2025-11-28 09:02:23 [INFO]: Webhook de envio: https://n8n.svd.tec.br/webhook/contas
2025-11-28 09:02:23 [INFO]: ═══════════════════════════════════════════════════════════

2025-11-28 09:02:23 [INFO]: 
############################################################
2025-11-28 09:02:23 [INFO]: INICIANDO CICLO DE VERIFICAÇÃO - 2025-11-28T12:02:23.466Z
2025-11-28 09:02:23 [INFO]: ############################################################

2025-11-28 09:02:23 [INFO]: Buscando contas do webhook: https://n8n.svd.tec.br/webhook/contas_contratos
2025-11-28 09:02:24 [ERROR]: Erro ao buscar contas: Request failed with status code 404
2025-11-28 09:02:24 [WARN]: Nenhuma conta para processar neste ciclo
2025-11-28 09:03:18 [INFO]: Serviço interrompido manualmente (SIGINT)
2025-11-28 09:03:20 [INFO]: ═══════════════════════════════════════════════════════════
2025-11-28 09:03:20 [INFO]:    SERVIÇO EQUATORIAL AUTO INVOICE INICIADO
2025-11-28 09:03:20 [INFO]: ═══════════════════════════════════════════════════════════
2025-11-28 09:03:20 [INFO]: Intervalo de verificação: 24 hora(s)
2025-11-28 09:03:20 [INFO]: Webhook de contas: https://n8n.svd.tec.br/webhook/contas_contratos
2025-11-28 09:03:20 [INFO]: Webhook de envio: https://n8n.svd.tec.br/webhook/contas
2025-11-28 09:03:20 [INFO]: ═══════════════════════════════════════════════════════════

2025-11-28 09:03:20 [INFO]: 
############################################################
2025-11-28 09:03:20 [INFO]: INICIANDO CICLO DE VERIFICAÇÃO - 2025-11-28T12:03:20.889Z
2025-11-28 09:03:20 [INFO]: ############################################################

2025-11-28 09:03:20 [INFO]: Buscando contas do webhook: https://n8n.svd.tec.br/webhook/contas_contratos
2025-11-28 09:03:21 [ERROR]: Erro ao buscar contas: Request failed with status code 404
2025-11-28 09:03:21 [WARN]: Nenhuma conta para processar neste ciclo
2025-11-28 09:04:33 [INFO]: Serviço interrompido manualmente (SIGINT)
2025-11-28 09:04:49 [INFO]: ═══════════════════════════════════════════════════════════
2025-11-28 09:04:49 [INFO]:    SERVIÇO EQUATORIAL AUTO INVOICE INICIADO
2025-11-28 09:04:49 [INFO]: ═══════════════════════════════════════════════════════════
2025-11-28 09:04:49 [INFO]: Intervalo de verificação: 24 hora(s)
2025-11-28 09:04:49 [INFO]: Webhook de contas: https://n8n.svd.tec.br/webhook/contas_contratos
2025-11-28 09:04:49 [INFO]: Webhook de envio: https://n8n.svd.tec.br/webhook/contas
2025-11-28 09:04:49 [INFO]: ═══════════════════════════════════════════════════════════

2025-11-28 09:04:49 [INFO]: 
############################################################
2025-11-28 09:04:49 [INFO]: INICIANDO CICLO DE VERIFICAÇÃO - 2025-11-28T12:04:49.748Z
2025-11-28 09:04:49 [INFO]: ############################################################

2025-11-28 09:04:49 [INFO]: Buscando contas do webhook: https://n8n.svd.tec.br/webhook/contas_contratos
2025-11-28 09:04:50 [ERROR]: Erro ao buscar contas: Resposta do webhook não é um array
2025-11-28 09:04:50 [WARN]: Nenhuma conta para processar neste ciclo
2025-11-28 09:05:31 [INFO]: Serviço interrompido manualmente (SIGINT)
2025-11-28 09:05:34 [INFO]: ═══════════════════════════════════════════════════════════
2025-11-28 09:05:34 [INFO]:    SERVIÇO EQUATORIAL AUTO INVOICE INICIADO
2025-11-28 09:05:34 [INFO]: ═══════════════════════════════════════════════════════════
2025-11-28 09:05:34 [INFO]: Intervalo de verificação: 24 hora(s)
2025-11-28 09:05:34 [INFO]: Webhook de contas: https://n8n.svd.tec.br/webhook/contas_contratos
2025-11-28 09:05:34 [INFO]: Webhook de envio: https://n8n.svd.tec.br/webhook/contas
2025-11-28 09:05:34 [INFO]: ═══════════════════════════════════════════════════════════

2025-11-28 09:05:34 [INFO]: 
############################################################
2025-11-28 09:05:34 [INFO]: INICIANDO CICLO DE VERIFICAÇÃO - 2025-11-28T12:05:34.642Z
2025-11-28 09:05:34 [INFO]: ############################################################

2025-11-28 09:05:34 [INFO]: Buscando contas do webhook: https://n8n.svd.tec.br/webhook/contas_contratos
2025-11-28 09:05:35 [ERROR]: Erro ao buscar contas: Request failed with status code 500
2025-11-28 09:05:35 [WARN]: Nenhuma conta para processar neste ciclo
2025-11-28 09:10:58 [INFO]: Serviço interrompido manualmente (SIGINT)
2025-11-28 09:11:00 [INFO]: ═══════════════════════════════════════════════════════════
2025-11-28 09:11:00 [INFO]:    SERVIÇO EQUATORIAL AUTO INVOICE INICIADO
2025-11-28 09:11:00 [INFO]: ═══════════════════════════════════════════════════════════
2025-11-28 09:11:00 [INFO]: Intervalo de verificação: 24 hora(s)
2025-11-28 09:11:00 [INFO]: Webhook de contas: https://n8n.svd.tec.br/webhook/contas_contratos
2025-11-28 09:11:00 [INFO]: Webhook de envio: https://n8n.svd.tec.br/webhook/contas
2025-11-28 09:11:00 [INFO]: ═══════════════════════════════════════════════════════════

2025-11-28 09:11:00 [INFO]: 
############################################################
2025-11-28 09:11:00 [INFO]: INICIANDO CICLO DE VERIFICAÇÃO - 2025-11-28T12:11:00.451Z
2025-11-28 09:11:00 [INFO]: ############################################################

2025-11-28 09:11:00 [INFO]: Buscando contas do webhook: https://n8n.svd.tec.br/webhook/contas_contratos
2025-11-28 09:11:01 [ERROR]: Erro ao buscar contas: Resposta do webhook não é um array
2025-11-28 09:11:01 [WARN]: Nenhuma conta para processar neste ciclo
2025-11-28 09:11:42 [INFO]: Serviço interrompido manualmente (SIGINT)
2025-11-28 09:11:43 [INFO]: ═══════════════════════════════════════════════════════════
2025-11-28 09:11:43 [INFO]:    SERVIÇO EQUATORIAL AUTO INVOICE INICIADO
2025-11-28 09:11:43 [INFO]: ═══════════════════════════════════════════════════════════
2025-11-28 09:11:43 [INFO]: Intervalo de verificação: 24 hora(s)
2025-11-28 09:11:43 [INFO]: Webhook de contas: https://n8n.svd.tec.br/webhook/contas_contratos
2025-11-28 09:11:43 [INFO]: Webhook de envio: https://n8n.svd.tec.br/webhook/contas
2025-11-28 09:11:43 [INFO]: ═══════════════════════════════════════════════════════════

2025-11-28 09:11:43 [INFO]: 
############################################################
2025-11-28 09:11:43 [INFO]: INICIANDO CICLO DE VERIFICAÇÃO - 2025-11-28T12:11:43.964Z
2025-11-28 09:11:43 [INFO]: ############################################################

2025-11-28 09:11:43 [INFO]: Buscando contas do webhook: https://n8n.svd.tec.br/webhook/contas_contratos
2025-11-28 09:11:44 [INFO]: 1 conta(s) encontrada(s)
2025-11-28 09:11:44 [INFO]: 
============================================================
2025-11-28 09:11:44 [INFO]: Processando conta 003031650100 (ID: 39)
2025-11-28 09:11:44 [INFO]: ============================================================
2025-11-28 09:12:52 [INFO]: Enviando fatura da conta undefined para webhook...
2025-11-28 09:12:54 [INFO]: Fatura da conta undefined enviada com sucesso
2025-11-28 09:12:54 [INFO]: ✓ Conta 003031650100 processada com sucesso
2025-11-28 09:12:59 [INFO]: 
############################################################
2025-11-28 09:12:59 [INFO]: CICLO FINALIZADO - Duração: 76s
2025-11-28 09:12:59 [INFO]: Total: 1 | Sucesso: 1 | Sem fatura: 0 | Falha: 0
2025-11-28 09:12:59 [INFO]: Próxima verificação em 24 hora(s)
2025-11-28 09:12:59 [INFO]: ############################################################

2025-11-28 09:15:10 [INFO]: Serviço interrompido manualmente (SIGINT)
2025-11-28 09:16:16 [INFO]: ═══════════════════════════════════════════════════════════
2025-11-28 09:16:16 [INFO]:    SERVIÇO EQUATORIAL AUTO INVOICE INICIADO
2025-11-28 09:16:16 [INFO]: ═══════════════════════════════════════════════════════════
2025-11-28 09:16:16 [INFO]: Intervalo de verificação: 24 hora(s)
2025-11-28 09:16:16 [INFO]: Webhook de contas: https://n8n.svd.tec.br/webhook/contas_contratos
2025-11-28 09:16:16 [INFO]: Webhook de envio: https://n8n.svd.tec.br/webhook/contas
2025-11-28 09:16:16 [INFO]: ═══════════════════════════════════════════════════════════

2025-11-28 09:16:16 [INFO]: 
############################################################
2025-11-28 09:16:16 [INFO]: INICIANDO CICLO DE VERIFICAÇÃO - 2025-11-28T12:16:16.500Z
2025-11-28 09:16:16 [INFO]: ############################################################

2025-11-28 09:16:16 [INFO]: Buscando contas do webhook: https://n8n.svd.tec.br/webhook/contas_contratos
2025-11-28 09:16:17 [INFO]: 46 conta(s) encontrada(s)
2025-11-28 09:16:17 [INFO]: 
============================================================
2025-11-28 09:16:17 [INFO]: Processando conta 003031650100 (ID: 39)
2025-11-28 09:16:17 [INFO]: ============================================================
2025-11-28 09:17:27 [INFO]: Enviando fatura da conta undefined para webhook...
2025-11-28 09:17:28 [INFO]: Fatura da conta undefined enviada com sucesso
2025-11-28 09:17:28 [INFO]: ✓ Conta 003031650100 processada com sucesso
2025-11-28 09:17:33 [INFO]: 
============================================================
2025-11-28 09:17:33 [INFO]: Processando conta 003031476819 (ID: 38)
2025-11-28 09:17:33 [INFO]: ============================================================
2025-11-28 09:18:32 [INFO]: Enviando fatura da conta undefined para webhook...
2025-11-28 09:18:34 [INFO]: Fatura da conta undefined enviada com sucesso
2025-11-28 09:18:34 [INFO]: ✓ Conta 003031476819 processada com sucesso
2025-11-28 09:18:39 [INFO]: 
============================================================
2025-11-28 09:18:39 [INFO]: Processando conta 000108689099 (ID: 1)
2025-11-28 09:18:39 [INFO]: ============================================================
2025-11-28 09:19:42 [INFO]: Enviando fatura da conta undefined para webhook...
2025-11-28 09:19:44 [INFO]: Fatura da conta undefined enviada com sucesso
2025-11-28 09:19:44 [INFO]: ✓ Conta 000108689099 processada com sucesso
2025-11-28 09:19:49 [INFO]: 
============================================================
2025-11-28 09:19:49 [INFO]: Processando conta 003031353148 (ID: 37)
2025-11-28 09:19:49 [INFO]: ============================================================
2025-11-28 09:19:54 [INFO]: Serviço interrompido manualmente (SIGINT)
2025-11-28 11:43:28 [INFO]: ═══════════════════════════════════════════════════════════
2025-11-28 11:43:28 [INFO]:    SERVIÇO EQUATORIAL AUTO INVOICE INICIADO
2025-11-28 11:43:28 [INFO]: ═══════════════════════════════════════════════════════════
2025-11-28 11:43:28 [INFO]: Intervalo de verificação: 24 hora(s)
2025-11-28 11:43:28 [INFO]: Webhook de contas: https://n8n.svd.tec.br/webhook/contas_contratos
2025-11-28 11:43:28 [INFO]: Webhook de envio: https://n8n.svd.tec.br/webhook/contas
2025-11-28 11:43:28 [INFO]: ═══════════════════════════════════════════════════════════

2025-11-28 11:43:28 [INFO]: 
############################################################
2025-11-28 11:43:28 [INFO]: INICIANDO CICLO DE VERIFICAÇÃO - 2025-11-28T14:43:28.230Z
2025-11-28 11:43:28 [INFO]: ############################################################

2025-11-28 11:43:28 [INFO]: Buscando contas do webhook: https://n8n.svd.tec.br/webhook/contas_contratos
2025-11-28 11:43:29 [INFO]: 2 conta(s) encontrada(s)
2025-11-28 11:43:29 [INFO]: 
============================================================
2025-11-28 11:43:29 [INFO]: Processando conta 003031130114 (ID: 28)
2025-11-28 11:43:29 [INFO]: ============================================================
2025-11-28 11:44:32 [INFO]: Enviando fatura da conta undefined para webhook...
2025-11-28 11:44:33 [INFO]: Fatura da conta undefined enviada com sucesso
2025-11-28 11:44:33 [INFO]: ✓ Conta 003031130114 processada com sucesso
2025-11-28 11:44:38 [INFO]: 
============================================================
2025-11-28 11:44:38 [INFO]: Processando conta 003031161290 (ID: 29)
2025-11-28 11:44:38 [INFO]: ============================================================
2025-11-28 11:45:41 [INFO]: Enviando fatura da conta undefined para webhook...
2025-11-28 11:45:43 [INFO]: Fatura da conta undefined enviada com sucesso
2025-11-28 11:45:43 [INFO]: ✓ Conta 003031161290 processada com sucesso
2025-11-28 11:45:48 [INFO]: 
############################################################
2025-11-28 11:45:48 [INFO]: CICLO FINALIZADO - Duração: 140s
2025-11-28 11:45:48 [INFO]: Total: 2 | Sucesso: 2 | Sem fatura: 0 | Falha: 0
2025-11-28 11:45:48 [INFO]: Próxima verificação em 24 hora(s)
2025-11-28 11:45:48 [INFO]: ############################################################

2025-11-28 11:56:49 [INFO]: Serviço interrompido manualmente (SIGINT)
2025-11-28 11:56:59 [INFO]: ═══════════════════════════════════════════════════════════
2025-11-28 11:56:59 [INFO]:    SERVIÇO EQUATORIAL AUTO INVOICE INICIADO
2025-11-28 11:56:59 [INFO]: ═══════════════════════════════════════════════════════════
2025-11-28 11:56:59 [INFO]: Intervalo de verificação: 24 hora(s)
2025-11-28 11:56:59 [INFO]: Webhook de contas: https://n8n.svd.tec.br/webhook/contas_contratos
2025-11-28 11:56:59 [INFO]: Webhook de envio: https://n8n.svd.tec.br/webhook/contas
2025-11-28 11:56:59 [INFO]: ═══════════════════════════════════════════════════════════

2025-11-28 11:56:59 [INFO]: 
############################################################
2025-11-28 11:56:59 [INFO]: INICIANDO CICLO DE VERIFICAÇÃO - 2025-11-28T14:56:59.276Z
2025-11-28 11:56:59 [INFO]: ############################################################

2025-11-28 11:56:59 [INFO]: Buscando contas do webhook: https://n8n.svd.tec.br/webhook/contas_contratos
2025-11-28 11:57:00 [INFO]: 2 conta(s) encontrada(s)
2025-11-28 11:57:00 [INFO]: 
============================================================
2025-11-28 11:57:00 [INFO]: Processando conta 003031130114 (ID: 28)
2025-11-28 11:57:00 [INFO]: ============================================================
2025-11-28 11:58:03 [INFO]: Enviando fatura da conta undefined para webhook...
2025-11-28 11:58:09 [INFO]: Fatura da conta undefined enviada com sucesso
2025-11-28 11:58:09 [INFO]: ✓ Conta 003031130114 processada com sucesso
2025-11-28 11:58:14 [INFO]: 
============================================================
2025-11-28 11:58:14 [INFO]: Processando conta 003031161290 (ID: 29)
2025-11-28 11:58:14 [INFO]: ============================================================
2025-11-28 11:59:17 [INFO]: Enviando fatura da conta undefined para webhook...
2025-11-28 11:59:25 [INFO]: Fatura da conta undefined enviada com sucesso
2025-11-28 11:59:25 [INFO]: ✓ Conta 003031161290 processada com sucesso
2025-11-28 11:59:30 [INFO]: 
############################################################
2025-11-28 11:59:30 [INFO]: CICLO FINALIZADO - Duração: 152s
2025-11-28 11:59:30 [INFO]: Total: 2 | Sucesso: 2 | Sem fatura: 0 | Falha: 0
2025-11-28 11:59:30 [INFO]: Próxima verificação em 24 hora(s)
2025-11-28 11:59:30 [INFO]: ############################################################

2025-11-28 15:24:03 [INFO]: Serviço interrompido manualmente (SIGINT)
2025-11-28 15:25:46 [INFO]: ═══════════════════════════════════════════════════════════
2025-11-28 15:25:46 [INFO]:    SERVIÇO EQUATORIAL AUTO INVOICE INICIADO
2025-11-28 15:25:46 [INFO]: ═══════════════════════════════════════════════════════════
2025-11-28 15:25:46 [INFO]: Intervalo de verificação: 24 hora(s)
2025-11-28 15:25:46 [INFO]: Webhook de contas: https://n8n.svd.tec.br/webhook/contas_contratos
2025-11-28 15:25:46 [INFO]: Webhook de envio: https://n8n.svd.tec.br/webhook/contas
2025-11-28 15:25:46 [INFO]: ═══════════════════════════════════════════════════════════

2025-11-28 15:25:46 [INFO]: 
############################################################
2025-11-28 15:25:46 [INFO]: INICIANDO CICLO DE VERIFICAÇÃO - 2025-11-28T18:25:46.032Z
2025-11-28 15:25:46 [INFO]: ############################################################

2025-11-28 15:25:46 [INFO]: Buscando contas do webhook: https://n8n.svd.tec.br/webhook/contas_contratos
2025-11-28 15:25:47 [INFO]: 6 conta(s) encontrada(s)
2025-11-28 15:25:47 [INFO]: 
============================================================
2025-11-28 15:25:47 [INFO]: Processando conta 003026429560 (ID: 20)
2025-11-28 15:25:47 [INFO]: Email: adm.financeiro@mov.pro.br
2025-11-28 15:25:47 [INFO]: ============================================================
